// Jest Snapshot v1, https://goo.gl/fbAQLP

exports[`AddressCard component AddressCardComponent Match Snapshot 1`] = `
<div
  className="ant-card ant-card-bordered css-dev-only-do-not-override-1km3mtt"
  data-testid="address-form"
>
  <div
    className="ant-card-head"
    style={Object {}}
  >
    <div
      className="ant-card-head-wrapper"
    >
      <div
        className="ant-card-head-title"
      >
        Address
      </div>
    </div>
  </div>
  <div
    className="ant-card-body"
    style={Object {}}
  >
    <form
      className="ant-form ant-form-horizontal css-dev-only-do-not-override-1km3mtt"
      onReset={[Function]}
      onSubmit={[Function]}
      style={
        Object {
          "maxWidth": 600,
        }
      }
    >
      <div
        className="ant-form-item css-dev-only-do-not-override-1km3mtt"
      >
        <div
          className="ant-row ant-form-item-row css-dev-only-do-not-override-1km3mtt"
          style={Object {}}
        >
          <div
            className="ant-col ant-col-10 ant-form-item-label css-dev-only-do-not-override-1km3mtt"
            style={Object {}}
          >
            <label
              className=""
              htmlFor="streetName"
              title="Street Name"
            >
              Street Name
            </label>
          </div>
          <div
            className="ant-col ant-col-14 ant-form-item-control css-dev-only-do-not-override-1km3mtt"
            style={Object {}}
          >
            <div
              className="ant-form-item-control-input"
            >
              <div
                className="ant-form-item-control-input-content"
              >
                <input
                  className="ant-input css-dev-only-do-not-override-1km3mtt"
                  disabled={false}
                  id="streetName"
                  onBlur={[Function]}
                  onChange={[Function]}
                  onFocus={[Function]}
                  onKeyDown={[Function]}
                  style={Object {}}
                  type="text"
                  value=""
                />
              </div>
            </div>
          </div>
        </div>
      </div>
      <div
        className="ant-form-item css-dev-only-do-not-override-1km3mtt"
      >
        <div
          className="ant-row ant-form-item-row css-dev-only-do-not-override-1km3mtt"
          style={Object {}}
        >
          <div
            className="ant-col ant-col-10 ant-form-item-label css-dev-only-do-not-override-1km3mtt"
            style={Object {}}
          >
            <label
              className=""
              htmlFor="streetNumber"
              title="Street Number"
            >
              Street Number
            </label>
          </div>
          <div
            className="ant-col ant-col-14 ant-form-item-control css-dev-only-do-not-override-1km3mtt"
            style={Object {}}
          >
            <div
              className="ant-form-item-control-input"
            >
              <div
                className="ant-form-item-control-input-content"
              >
                <div
                  className="ant-input-number ant-input-number-in-form-item css-dev-only-do-not-override-1km3mtt"
                  onBeforeInput={[Function]}
                  onBlur={[Function]}
                  onCompositionEnd={[Function]}
                  onCompositionStart={[Function]}
                  onFocus={[Function]}
                  onKeyDown={[Function]}
                  onKeyUp={[Function]}
                  style={
                    Object {
                      "width": "100%",
                    }
                  }
                >
                  <div
                    className="ant-input-number-handler-wrap"
                  >
                    <span
                      aria-disabled={false}
                      aria-label="Increase Value"
                      className="ant-input-number-handler ant-input-number-handler-up"
                      onMouseDown={[Function]}
                      onMouseLeave={[Function]}
                      onMouseUp={[Function]}
                      role="button"
                      unselectable="on"
                    >
                      <span
                        aria-label="up"
                        className="anticon anticon-up ant-input-number-handler-up-inner"
                        role="img"
                      >
                        <svg
                          aria-hidden="true"
                          data-icon="up"
                          fill="currentColor"
                          focusable="false"
                          height="1em"
                          viewBox="64 64 896 896"
                          width="1em"
                        >
                          <path
                            d="M890.5 755.3L537.9 269.2c-12.8-17.6-39-17.6-51.7 0L133.5 755.3A8 8 0 00140 768h75c5.1 0 9.9-2.5 12.9-6.6L512 369.8l284.1 391.6c3 4.1 7.8 6.6 12.9 6.6h75c6.5 0 10.3-7.4 6.5-12.7z"
                          />
                        </svg>
                      </span>
                    </span>
                    <span
                      aria-disabled={false}
                      aria-label="Decrease Value"
                      className="ant-input-number-handler ant-input-number-handler-down"
                      onMouseDown={[Function]}
                      onMouseLeave={[Function]}
                      onMouseUp={[Function]}
                      role="button"
                      unselectable="on"
                    >
                      <span
                        aria-label="down"
                        className="anticon anticon-down ant-input-number-handler-down-inner"
                        role="img"
                      >
                        <svg
                          aria-hidden="true"
                          data-icon="down"
                          fill="currentColor"
                          focusable="false"
                          height="1em"
                          viewBox="64 64 896 896"
                          width="1em"
                        >
                          <path
                            d="M884 256h-75c-5.1 0-9.9 2.5-12.9 6.6L512 654.2 227.9 262.6c-3-4.1-7.8-6.6-12.9-6.6h-75c-6.5 0-10.3 7.4-6.5 12.7l352.6 486.1c12.8 17.6 39 17.6 51.7 0l352.6-486.1c3.9-5.3.1-12.7-6.4-12.7z"
                          />
                        </svg>
                      </span>
                    </span>
                  </div>
                  <div
                    className="ant-input-number-input-wrap"
                  >
                    <input
                      aria-valuenow={null}
                      autoComplete="off"
                      className="ant-input-number-input"
                      disabled={false}
                      id="streetNumber"
                      onChange={[Function]}
                      onFocus={[Function]}
                      role="spinbutton"
                      step={1}
                      value=""
                    />
                  </div>
                </div>
              </div>
            </div>
          </div>
        </div>
      </div>
      <div
        className="ant-form-item css-dev-only-do-not-override-1km3mtt"
      >
        <div
          className="ant-row ant-form-item-row css-dev-only-do-not-override-1km3mtt"
          style={Object {}}
        >
          <div
            className="ant-col ant-col-10 ant-form-item-label css-dev-only-do-not-override-1km3mtt"
            style={Object {}}
          >
            <label
              className=""
              htmlFor="postalCode"
              title="Postal Code"
            >
              Postal Code
            </label>
          </div>
          <div
            className="ant-col ant-col-14 ant-form-item-control css-dev-only-do-not-override-1km3mtt"
            style={Object {}}
          >
            <div
              className="ant-form-item-control-input"
            >
              <div
                className="ant-form-item-control-input-content"
              >
                <div
                  className="ant-input-number ant-input-number-in-form-item css-dev-only-do-not-override-1km3mtt"
                  onBeforeInput={[Function]}
                  onBlur={[Function]}
                  onCompositionEnd={[Function]}
                  onCompositionStart={[Function]}
                  onFocus={[Function]}
                  onKeyDown={[Function]}
                  onKeyUp={[Function]}
                  style={
                    Object {
                      "width": "100%",
                    }
                  }
                >
                  <div
                    className="ant-input-number-handler-wrap"
                  >
                    <span
                      aria-disabled={false}
                      aria-label="Increase Value"
                      className="ant-input-number-handler ant-input-number-handler-up"
                      onMouseDown={[Function]}
                      onMouseLeave={[Function]}
                      onMouseUp={[Function]}
                      role="button"
                      unselectable="on"
                    >
                      <span
                        aria-label="up"
                        className="anticon anticon-up ant-input-number-handler-up-inner"
                        role="img"
                      >
                        <svg
                          aria-hidden="true"
                          data-icon="up"
                          fill="currentColor"
                          focusable="false"
                          height="1em"
                          viewBox="64 64 896 896"
                          width="1em"
                        >
                          <path
                            d="M890.5 755.3L537.9 269.2c-12.8-17.6-39-17.6-51.7 0L133.5 755.3A8 8 0 00140 768h75c5.1 0 9.9-2.5 12.9-6.6L512 369.8l284.1 391.6c3 4.1 7.8 6.6 12.9 6.6h75c6.5 0 10.3-7.4 6.5-12.7z"
                          />
                        </svg>
                      </span>
                    </span>
                    <span
                      aria-disabled={false}
                      aria-label="Decrease Value"
                      className="ant-input-number-handler ant-input-number-handler-down"
                      onMouseDown={[Function]}
                      onMouseLeave={[Function]}
                      onMouseUp={[Function]}
                      role="button"
                      unselectable="on"
                    >
                      <span
                        aria-label="down"
                        className="anticon anticon-down ant-input-number-handler-down-inner"
                        role="img"
                      >
                        <svg
                          aria-hidden="true"
                          data-icon="down"
                          fill="currentColor"
                          focusable="false"
                          height="1em"
                          viewBox="64 64 896 896"
                          width="1em"
                        >
                          <path
                            d="M884 256h-75c-5.1 0-9.9 2.5-12.9 6.6L512 654.2 227.9 262.6c-3-4.1-7.8-6.6-12.9-6.6h-75c-6.5 0-10.3 7.4-6.5 12.7l352.6 486.1c12.8 17.6 39 17.6 51.7 0l352.6-486.1c3.9-5.3.1-12.7-6.4-12.7z"
                          />
                        </svg>
                      </span>
                    </span>
                  </div>
                  <div
                    className="ant-input-number-input-wrap"
                  >
                    <input
                      aria-valuenow={null}
                      autoComplete="off"
                      className="ant-input-number-input"
                      disabled={false}
                      id="postalCode"
                      onChange={[Function]}
                      onFocus={[Function]}
                      role="spinbutton"
                      step={1}
                      value=""
                    />
                  </div>
                </div>
              </div>
            </div>
          </div>
        </div>
      </div>
      <div
        className="ant-form-item css-dev-only-do-not-override-1km3mtt"
      >
        <div
          className="ant-row ant-form-item-row css-dev-only-do-not-override-1km3mtt"
          style={Object {}}
        >
          <div
            className="ant-col ant-col-10 ant-form-item-label css-dev-only-do-not-override-1km3mtt"
            style={Object {}}
          >
            <label
              className=""
              htmlFor="city"
              title="City"
            >
              City
            </label>
          </div>
          <div
            className="ant-col ant-col-14 ant-form-item-control css-dev-only-do-not-override-1km3mtt"
            style={Object {}}
          >
            <div
              className="ant-form-item-control-input"
            >
              <div
                className="ant-form-item-control-input-content"
              >
                <input
                  className="ant-input css-dev-only-do-not-override-1km3mtt"
                  disabled={false}
                  id="city"
                  onBlur={[Function]}
                  onChange={[Function]}
                  onFocus={[Function]}
                  onKeyDown={[Function]}
                  style={Object {}}
                  type="text"
                  value=""
                />
              </div>
            </div>
          </div>
        </div>
      </div>
      <div
        className="ant-form-item css-dev-only-do-not-override-1km3mtt"
      >
        <div
          className="ant-row ant-form-item-row css-dev-only-do-not-override-1km3mtt"
          style={Object {}}
        >
          <div
            className="ant-col ant-col-10 ant-form-item-label css-dev-only-do-not-override-1km3mtt"
            style={Object {}}
          >
            <label
              className=""
              htmlFor="country"
              title="Country"
            >
              Country
            </label>
          </div>
          <div
            className="ant-col ant-col-14 ant-form-item-control css-dev-only-do-not-override-1km3mtt"
            style={Object {}}
          >
            <div
              className="ant-form-item-control-input"
            >
              <div
                className="ant-form-item-control-input-content"
              >
                <input
                  className="ant-input css-dev-only-do-not-override-1km3mtt"
                  disabled={false}
                  id="country"
                  onBlur={[Function]}
                  onChange={[Function]}
                  onFocus={[Function]}
                  onKeyDown={[Function]}
                  style={Object {}}
                  type="text"
                  value=""
                />
              </div>
            </div>
          </div>
        </div>
      </div>
    </form>
  </div>
</div>
`;
